// Jest Snapshot v1, https://goo.gl/fbAQLP

exports[`training list instances execise field component should render as expected 1`] = `
<td>
  <input
    onChange={[Function]}
    type="text"
  />
</td>
`;

exports[`training list instances training component should render as expected 1`] = `
<li>
  <div
    className="btn-group"
  >
    <button
      className="edit"
      onClick={[Function]}
      type="button"
    >
      Edit
    </button>
    <button
      className="remove"
      onClick={[Function]}
      type="button"
    >
      Remove
    </button>
  </div>
  <form
    onSubmit={[Function]}
  >
    <h3>
      Leg
    </h3>
    <table>
      <thead>
        <tr>
          <th>
            Exercise
          </th>
          <th>
            Set
          </th>
          <th>
            Repetition
          </th>
          <th>
            Weight
          </th>
          <th>
            Video
          </th>
          <th />
        </tr>
      </thead>
      <tbody>
        <tr
          key="0"
        >
          <td>
            Barbell Deadlift
          </td>
          <td>
            3
          </td>
          <td>
            8
          </td>
          <td>
            10kg
          </td>
          <td>
            ---
          </td>
          <td />
        </tr>
        <tr
          key="1"
        >
          <td>
            Wide-Grip Pull-Up
          </td>
          <td>
            3
          </td>
          <td>
            8
          </td>
          <td>
            35kg
          </td>
          <td>
            ---
          </td>
          <td />
        </tr>
      </tbody>
    </table>
  </form>
</li>
`;

exports[`training list instances training list component should render as expected 1`] = `
<div>
  <h1>
    Current Training
  </h1>
  <ul
    className="list-group"
  >
    <Connect(Training)
      exercises={
        Array [
          Object {
            "name": "Barbell Deadlift",
            "repetition": "8",
            "set": "3",
            "weight": "10kg",
          },
          Object {
            "name": "Wide-Grip Pull-Up",
            "repetition": "8",
            "set": "3",
            "weight": "35kg",
          },
        ]
      }
      index="1"
      key="1"
      onButtonClick={[Function]}
      title="Leg"
    />
    <Connect(Training)
      exercises={
        Array [
          Object {
            "name": "Flat Bench Dumbbell Press",
            "repetition": "8",
            "set": "3",
            "weight": "22kg",
          },
          Object {
            "name": "Barbell Bench Press",
            "repetition": "8",
            "set": "3",
            "weight": "25kg",
          },
        ]
      }
      index="2"
      key="2"
      onButtonClick={[Function]}
      title="Chest"
    />
  </ul>
  <Connect(ShowVideo) />
</div>
`;
